// Jest Snapshot v1, https://goo.gl/fbAQLP

exports[`App Component VendingMachine Component renders and matches our snapshot 1`] = `
<div
  className="vendingMachine"
  style={
    Object {
      "color": "#70C5CA",
    }
  }
>
  Hi there, welcome to your healthy vending machine, enter your coins in to proceed.
  <div>
    <button
      className=""
      data-react-toolbox="button"
      disabled={false}
      href={undefined}
      onClick={[Function]}
      onMouseDown={[Function]}
      onMouseLeave={[Function]}
      onMouseUp={[Function]}
      onTouchStart={[Function]}
      style={
        Object {
          "backgroundColor": "#262626",
          "borderRadius": "10px",
          "color": "white",
          "height": "40px",
          "margin": "20px",
          "width": "60px",
        }
      }
      type="button"
    >
       
      $0.1
       
    </button>
    <button
      className=""
      data-react-toolbox="button"
      disabled={false}
      href={undefined}
      onClick={[Function]}
      onMouseDown={[Function]}
      onMouseLeave={[Function]}
      onMouseUp={[Function]}
      onTouchStart={[Function]}
      style={
        Object {
          "backgroundColor": "#262626",
          "borderRadius": "10px",
          "color": "white",
          "height": "40px",
          "margin": "20px",
          "width": "60px",
        }
      }
      type="button"
    >
       
      $0.2
       
    </button>
    <button
      className=""
      data-react-toolbox="button"
      disabled={false}
      href={undefined}
      onClick={[Function]}
      onMouseDown={[Function]}
      onMouseLeave={[Function]}
      onMouseUp={[Function]}
      onTouchStart={[Function]}
      style={
        Object {
          "backgroundColor": "#262626",
          "borderRadius": "10px",
          "color": "white",
          "height": "40px",
          "margin": "20px",
          "width": "60px",
        }
      }
      type="button"
    >
       
      $0.5
       
    </button>
    <button
      className=""
      data-react-toolbox="button"
      disabled={false}
      href={undefined}
      onClick={[Function]}
      onMouseDown={[Function]}
      onMouseLeave={[Function]}
      onMouseUp={[Function]}
      onTouchStart={[Function]}
      style={
        Object {
          "backgroundColor": "#262626",
          "borderRadius": "10px",
          "color": "white",
          "height": "40px",
          "margin": "20px",
          "width": "60px",
        }
      }
      type="button"
    >
       
      $1
       
    </button>
    <button
      className=""
      data-react-toolbox="button"
      disabled={false}
      href={undefined}
      onClick={[Function]}
      onMouseDown={[Function]}
      onMouseLeave={[Function]}
      onMouseUp={[Function]}
      onTouchStart={[Function]}
      style={
        Object {
          "backgroundColor": "#262626",
          "borderRadius": "10px",
          "color": "white",
          "height": "40px",
          "margin": "20px",
          "width": "60px",
        }
      }
      type="button"
    >
       
      $2
       
    </button>
  </div>
  Your current credit is $
  0.5
  , please choose your product's once you have enough credit.
  <div>
    <button
      className=""
      data-react-toolbox="button"
      disabled={false}
      href={undefined}
      onClick={[Function]}
      onMouseDown={[Function]}
      onMouseLeave={[Function]}
      onMouseUp={[Function]}
      onTouchStart={[Function]}
      style={
        Object {
          "backgroundColor": "#F3C719",
          "borderRadius": "10px",
          "height": "40px",
          "margin": "20px",
          "width": "60px",
        }
      }
      type="button"
    >
       
      Caramel
       $
      2.5
       
    </button>
    <button
      className=""
      data-react-toolbox="button"
      disabled={false}
      href={undefined}
      onClick={[Function]}
      onMouseDown={[Function]}
      onMouseLeave={[Function]}
      onMouseUp={[Function]}
      onTouchStart={[Function]}
      style={
        Object {
          "backgroundColor": "#F3C719",
          "borderRadius": "10px",
          "height": "40px",
          "margin": "20px",
          "width": "60px",
        }
      }
      type="button"
    >
       
      Hazelnut
       $
      3.1
       
    </button>
    <button
      className=""
      data-react-toolbox="button"
      disabled={false}
      href={undefined}
      onClick={[Function]}
      onMouseDown={[Function]}
      onMouseLeave={[Function]}
      onMouseUp={[Function]}
      onTouchStart={[Function]}
      style={
        Object {
          "backgroundColor": "#F3C719",
          "borderRadius": "10px",
          "height": "40px",
          "margin": "20px",
          "width": "60px",
        }
      }
      type="button"
    >
       
      Organic Raw
       $
      2
       
    </button>
  </div>
  <button
    className=" confirmOrder"
    data-react-toolbox="button"
    disabled={false}
    href={undefined}
    onClick={[Function]}
    onMouseDown={[Function]}
    onMouseLeave={[Function]}
    onMouseUp={[Function]}
    onTouchStart={[Function]}
    style={
      Object {
        "backgroundColor": "black",
        "color": "white",
        "margin": "20px",
      }
    }
    type="button"
  >
    Purchase
  </button>
  <button
    className=" resetOrder"
    data-react-toolbox="button"
    disabled={false}
    href={undefined}
    onClick={[Function]}
    onMouseDown={[Function]}
    onMouseLeave={[Function]}
    onMouseUp={[Function]}
    onTouchStart={[Function]}
    style={
      Object {
        "backgroundColor": "black",
        "color": "white",
        "margin": "20px",
      }
    }
    type="button"
  >
    Reset
  </button>
  <div>
    <div />
  </div>
</div>
`;
